
> tailor-studio@0.1.0 build
> next build

   Γû▓ Next.js 15.1.12
   - Environments: .env.local

   Creating an optimized production build ...
 Γ£ô Compiled successfully
   Skipping linting
   Checking validity of types ...
   Collecting page data ...
   Generating static pages (0/10) ...
   Generating static pages (2/10) 
   Generating static pages (4/10) 
   Generating static pages (7/10) 
 Γ£ô Generating static pages (10/10)
   Finalizing page optimization ...
   Collecting build traces ...

Route (app)                              Size     First Load JS
Γöî Γùï /                                    91.8 kB         201 kB
Γö£ Γùï /_not-found                          979 B           106 kB
Γö£ ╞Æ /api/clients                         150 B           106 kB
Γö£ ╞Æ /api/clients/[id]                    150 B           106 kB
Γö£ ╞Æ /api/imagekit/auth                   150 B           106 kB
Γö£ ╞Æ /api/proxy-image                     150 B           106 kB
Γö£ ╞Æ /api/workers                         150 B           106 kB
Γö£ ╞Æ /api/workers/[id]                    150 B           106 kB
Γöö Γùï /login                               2.06 kB         112 kB
+ First Load JS shared by all            106 kB
  Γö£ chunks/4bd1b696-f209cc7820c32940.js  52.9 kB
  Γö£ chunks/517-35dbb51634a969ce.js       50.6 kB
  Γöö other shared chunks (total)          1.98 kB


Γùï  (Static)   prerendered as static content
╞Æ  (Dynamic)  server-rendered on demand

